Файл этого лога: D:\Work\USB_BLOCK\diag.log
USB_Block tray - диагностика
Время: 10/05/2026 11:10:46
Администратор: False
Защищённая копия: C:\Program Files\USB_Block\usb_block_tray.exe  существует=True
Служба мониторинга: Running
Задача трея (--logon): есть
Задача уведомителя (--notify): есть
Процесс-уведомитель: не найден
Событие блокировки (очередь): записей=0, макс.id=0, LastEventId(HKCU)=0
Источник журнала событий (UsbBlockMonitor): зарегистрирован
Запись в очередь (HKLM\SOFTWARE\USB_Block\Events): НЕТ (Отказано в доступе к разделу реестра "HKEY_LOCAL_MACHINE\SOFTWARE\USB_Block\Events".)
Лог показа уведомлений (хвост usb_block_notify.log из %TEMP% и Windows\Temp):
  [C:\Users\odmin\AppData\Local\Temp\usb_block_notify.log]
  16:45:55.497 в очереди показа 1, новых с id>1 до 2
  16:45:55.499 показ id=2
  16:45:56.498 показано уведомление id=2
  08:39:35.095 записано событие id=3 (SN=CCYYMMDDHHMMSSW3HSSI)
  08:39:36.919 в очереди показа 1, новых с id>2 до 3
  08:39:36.935 показ id=3
  08:39:37.855 показано уведомление id=3
  08:41:08.555 в очереди показа 1, новых с id>3 до 4
  08:41:08.587 показ id=4
  08:41:09.708 записано событие id=5 (SN=CCYYMMDDHHMMSSW3HSSI)
  08:41:09.714 показано уведомление id=4
  08:41:11.530 в очереди показа 1, новых с id>4 до 5
  08:41:14.526 в очереди показа 2, новых с id>4 до 5
  08:41:15.728 показ id=5
  08:41:15.742 показано уведомление id=5
  08:41:22.896 показ id=5
  08:41:22.909 показано уведомление id=5
  09:12:22.244 дедупликация при записи: пропуск повторного уведомления (тот же накопитель, событие было 0 с назад, окно 3 с)
  09:12:24.262 в очереди показа 1, новых с id>5 до 6
  09:12:24.262 показ id=6
  09:12:25.137 показано уведомление id=6
  09:15:45.388 в очереди показа 1, новых с id>6 до 7
  09:15:45.388 показ id=7
  09:15:46.275 дедупликация при записи: пропуск повторного уведомления (тот же накопитель, событие было 1 с назад, окно 3 с)
  09:15:46.275 показано уведомление id=7

--- Политика ---
Блокировка активна: False
Пароль защиты меню: установлен

--- Журнал подключений и копирований ---
Ведение журнала: ВКЛЮЧЕНО (пункт J в меню трея)
Размер кольца журнала: 10 файлов по 5000 записей
Файл: C:\ProgramData\USB_Block\journal.dat  существует=True
Поколений: 10  записей всего: 0  в текущем файле: 0  размер всего: 1020 байт
Ведёт журнал: цикл наблюдения обновляется, последний 1 с назад (трей или служба)
Последний опрос: файлов 0, томов обрезано по лимиту 0
Горячая клавиша журнала: Ctrl+Alt+D0  -> Ctrl=True Alt=True Shift=False Win=False клавиша=0x30

--- Whitelist ---
Файл: C:\ProgramData\USB_Block\whitelist.dat
Записей: 0

--- USB-диски (подключённые) ---
Найдено: 1
  INST=USBSTOR\DISK&VEN_JETFLASH&PROD_TRANSCEND_8GB&REV_1100\081NS9HV47JMZLUQ&0
      MODEL=JetFlash Transcend 8GB USB Device  USB=USB\VID_8564&PID_1000  SN=081NS9HV47JMZLUQ  DISKID=USBSTOR\DiskJetFlashTranscend_8GB___1100

--- Смонтированные тома USB (точки монтирования) ---
Найдено: 1
  LETTER=E  USB=USB\VID_8564&PID_1000  SN=081NS9HV47JMZLUQ  MODEL=JetFlash Transcend 8GB USB Device

--- USB-узлы массовой памяти ---
Найдено: 1
  INST=USB\VID_8564&PID_1000\081NS9HV47JMZLUQ  PRESENT=True  VIDPID=USB\VID_8564&PID_1000  SN=081NS9HV47JMZLUQ  DISABLED=False

--- Все масс-сторадж узлы (реестр) ---
Найдено: 18
  USBSTOR\Disk&Ven_&Prod_USB_Disk&Rev_8.07\CDEE658E&0
  USBSTOR\Disk&Ven_&Prod_USB_DISK_2.0&Rev_PMAP\07011327AC49A566&0
  USBSTOR\Disk&Ven_&Prod_USB_FLASH_DRIVE&Rev_PMAP\071C41215D05A883&0
  USBSTOR\Disk&Ven_ASolid&Prod_USB&Rev_\32663616&0
  USBSTOR\Disk&Ven_JetFlash&Prod_Transcend_8GB&Rev_1100\081NS9HV47JMZLUQ&0
  USBSTOR\Disk&Ven_JetFlash&Prod_Transcend_8GB&Rev_1100\41KAXI78HFCSUCJF&0
  USBSTOR\Disk&Ven_Kingston&Prod_DataTraveler_2.0&Rev_PMAP\C860008863E7ED801A1100C7&0
  USBSTOR\Disk&Ven_USB3.0&Prod_FLASH_DRIVE&Rev_1100\CCYYMMDDHHmmSSW3HSSI&0
  USBSTOR\Disk&Ven_USB3.0&Prod_FLASH_DRIVE&Rev_PMAP\071C5564838EC626&0
  USB\VID_058F&PID_6387\CDEE658E
  USB\VID_0930&PID_6545\C860008863E7ED801A1100C7
  USB\VID_1005&PID_B113\071C41215D05A883
  USB\VID_1005&PID_B128\071C5564838EC626
  USB\VID_1005&PID_B128\CCYYMMDDHHmmSSW3HSSI
  USB\VID_13FE&PID_4300\07011327AC49A566
  USB\VID_24A9&PID_205A\32663616
  USB\VID_8564&PID_1000\081NS9HV47JMZLUQ
  USB\VID_8564&PID_1000\41KAXI78HFCSUCJF
